src/app/api/partners/route.ts(19,21): error TS2322: Type 'null' is not assignable to type 'InputJsonValue | JsonNullValueFilter | FieldRef<"Match", "Json"> | undefined'.
